// Jest Snapshot v1, https://goo.gl/fbAQLP

exports[`matches snapshot 1`] = `
<span
  className="action-link"
  onClick={[Function]}
>
  Name
</span>
`;
